0 verbose cli /Users/user/.nvm/versions/node/v20.18.3/bin/node /Users/user/.nvm/versions/node/v20.18.3/bin/npm
1 info using npm@10.8.2
2 info using node@v20.18.3
3 silly config load:file:/Users/user/.nvm/versions/node/v20.18.3/lib/node_modules/npm/npmrc
4 silly config load:file:/Users/user/Documents/projects/next-dato/.npmrc
5 silly config load:file:/Users/user/.npmrc
6 silly config load:file:/Users/user/.nvm/versions/node/v20.18.3/etc/npmrc
7 verbose title npm install
8 verbose argv "install" "--cache" ".npm-cache"
9 verbose logfile logs-max:10 dir:/Users/user/Documents/projects/next-dato/.npm-cache/_logs/2026-05-11T19_35_58_740Z-
10 verbose logfile /Users/user/Documents/projects/next-dato/.npm-cache/_logs/2026-05-11T19_35_58_740Z-debug-0.log
11 silly packumentCache heap:4345298944 maxSize:1086324736 maxEntrySize:543162368
12 silly logfile done cleaning log files
13 silly idealTree buildDeps
14 silly fetch manifest @fortawesome/fontawesome-svg-core@^6.7.2
15 silly packumentCache full:https://registry.npmjs.org/@fortawesome%2ffontawesome-svg-core cache-miss
16 http fetch GET 200 https://registry.npmjs.org/@fortawesome%2ffontawesome-svg-core 399ms (cache miss)
17 silly packumentCache full:https://registry.npmjs.org/@fortawesome%2ffontawesome-svg-core set size:undefined disposed:false
18 silly fetch manifest @fortawesome/free-brands-svg-icons@^6.7.2
19 silly packumentCache full:https://registry.npmjs.org/@fortawesome%2ffree-brands-svg-icons cache-miss
20 http fetch GET 200 https://registry.npmjs.org/npm 721ms
21 http fetch GET 200 https://registry.npmjs.org/@fortawesome%2ffree-brands-svg-icons 240ms (cache miss)
22 silly packumentCache full:https://registry.npmjs.org/@fortawesome%2ffree-brands-svg-icons set size:undefined disposed:false
23 silly fetch manifest @fortawesome/free-regular-svg-icons@^6.7.2
24 silly packumentCache full:https://registry.npmjs.org/@fortawesome%2ffree-regular-svg-icons cache-miss
25 http fetch GET 200 https://registry.npmjs.org/@fortawesome%2ffree-regular-svg-icons 64ms (cache miss)
26 silly packumentCache full:https://registry.npmjs.org/@fortawesome%2ffree-regular-svg-icons set size:undefined disposed:false
27 silly fetch manifest @fortawesome/free-solid-svg-icons@^6.7.2
28 silly packumentCache full:https://registry.npmjs.org/@fortawesome%2ffree-solid-svg-icons cache-miss
29 http fetch GET 200 https://registry.npmjs.org/@fortawesome%2ffree-solid-svg-icons 70ms (cache miss)
30 silly packumentCache full:https://registry.npmjs.org/@fortawesome%2ffree-solid-svg-icons set size:undefined disposed:false
31 silly fetch manifest @fortawesome/react-fontawesome@^3.1.1
32 silly packumentCache full:https://registry.npmjs.org/@fortawesome%2freact-fontawesome cache-miss
33 http fetch GET 200 https://registry.npmjs.org/@fortawesome%2freact-fontawesome 374ms (cache miss)
34 silly packumentCache full:https://registry.npmjs.org/@fortawesome%2freact-fontawesome set size:undefined disposed:false
35 silly fetch manifest react@19.2.4
36 silly packumentCache full:https://registry.npmjs.org/react cache-miss
37 http fetch GET 200 https://registry.npmjs.org/react 281ms (cache miss)
38 silly packumentCache full:https://registry.npmjs.org/react set size:undefined disposed:false
39 silly placeDep ROOT @fortawesome/fontawesome-svg-core@6.7.2 OK for: next-dato@0.1.0 want: ^6.7.2
40 silly placeDep ROOT @fortawesome/free-brands-svg-icons@6.7.2 OK for: next-dato@0.1.0 want: ^6.7.2
41 silly placeDep ROOT @fortawesome/free-regular-svg-icons@6.7.2 OK for: next-dato@0.1.0 want: ^6.7.2
42 silly placeDep ROOT @fortawesome/free-solid-svg-icons@6.7.2 OK for: next-dato@0.1.0 want: ^6.7.2
43 silly placeDep ROOT @fortawesome/react-fontawesome@3.3.1 OK for: next-dato@0.1.0 want: ^3.1.1
44 silly fetch manifest @fortawesome/fontawesome-common-types@6.7.2
45 silly packumentCache full:https://registry.npmjs.org/@fortawesome%2ffontawesome-common-types cache-miss
46 silly fetch manifest @fortawesome/fontawesome-common-types@6.7.2
47 silly packumentCache full:https://registry.npmjs.org/@fortawesome%2ffontawesome-common-types cache-miss
48 silly fetch manifest @fortawesome/fontawesome-common-types@6.7.2
49 silly packumentCache full:https://registry.npmjs.org/@fortawesome%2ffontawesome-common-types cache-miss
50 silly fetch manifest @fortawesome/fontawesome-common-types@6.7.2
51 silly packumentCache full:https://registry.npmjs.org/@fortawesome%2ffontawesome-common-types cache-miss
52 http fetch GET 200 https://registry.npmjs.org/@fortawesome%2ffontawesome-common-types 148ms (cache miss)
53 silly packumentCache full:https://registry.npmjs.org/@fortawesome%2ffontawesome-common-types set size:undefined disposed:false
54 http fetch GET 200 https://registry.npmjs.org/@fortawesome%2ffontawesome-common-types 174ms (cache miss)
55 silly packumentCache full:https://registry.npmjs.org/@fortawesome%2ffontawesome-common-types set size:undefined disposed:false
56 http fetch GET 200 https://registry.npmjs.org/@fortawesome%2ffontawesome-common-types 203ms (cache miss)
57 silly packumentCache full:https://registry.npmjs.org/@fortawesome%2ffontawesome-common-types set size:undefined disposed:false
58 http fetch GET 200 https://registry.npmjs.org/@fortawesome%2ffontawesome-common-types 208ms (cache miss)
59 silly packumentCache full:https://registry.npmjs.org/@fortawesome%2ffontawesome-common-types set size:undefined disposed:false
60 silly placeDep ROOT @fortawesome/fontawesome-common-types@6.7.2 OK for: @fortawesome/fontawesome-svg-core@6.7.2 want: 6.7.2
61 warn EBADENGINE Unsupported engine {
61 warn EBADENGINE   package: 'eslint-visitor-keys@5.0.1',
61 warn EBADENGINE   required: { node: '^20.19.0 || ^22.13.0 || >=24' },
61 warn EBADENGINE   current: { node: 'v20.18.3', npm: '10.8.2' }
61 warn EBADENGINE }
62 silly reify moves {}
63 verbose reify failed optional dependency /Users/user/Documents/projects/next-dato/node_modules/@tailwindcss/oxide-wasm32-wasi
64 silly reify mark deleted [
64 silly reify   '/Users/user/Documents/projects/next-dato/node_modules/@tailwindcss/oxide-wasm32-wasi'
64 silly reify ]
65 silly audit bulk request {
65 silly audit   '@0no-co/graphql.web': [ '1.2.0' ],
65 silly audit   '@alloc/quick-lru': [ '5.2.0' ],
65 silly audit   '@ardatan/relay-compiler': [ '13.0.1' ],
65 silly audit   '@babel/code-frame': [ '7.29.0' ],
65 silly audit   '@babel/compat-data': [ '7.29.0' ],
65 silly audit   '@babel/core': [ '7.29.0' ],
65 silly audit   '@babel/generator': [ '7.29.1' ],
65 silly audit   '@babel/helper-compilation-targets': [ '7.28.6' ],
65 silly audit   '@babel/helper-globals': [ '7.28.0' ],
65 silly audit   '@babel/helper-module-imports': [ '7.28.6' ],
65 silly audit   '@babel/helper-module-transforms': [ '7.28.6' ],
65 silly audit   '@babel/helper-plugin-utils': [ '7.28.6' ],
65 silly audit   '@babel/helper-string-parser': [ '7.27.1' ],
65 silly audit   '@babel/helper-validator-identifier': [ '7.28.5' ],
65 silly audit   '@babel/helper-validator-option': [ '7.27.1' ],
65 silly audit   '@babel/helpers': [ '7.29.2' ],
65 silly audit   '@babel/parser': [ '7.29.2' ],
65 silly audit   '@babel/plugin-syntax-import-assertions': [ '7.28.6' ],
65 silly audit   '@babel/runtime': [ '7.29.2' ],
65 silly audit   '@babel/template': [ '7.28.6' ],
65 silly audit   '@babel/traverse': [ '7.29.0' ],
65 silly audit   '@babel/types': [ '7.29.0' ],
65 silly audit   '@datocms/cda-client': [ '0.2.10' ],
65 silly audit   '@datocms/content-link': [ '0.3.20' ],
65 silly audit   '@emnapi/core': [ '1.9.2' ],
65 silly audit   '@emnapi/runtime': [ '1.9.2' ],
65 silly audit   '@emnapi/wasi-threads': [ '1.2.1' ],
65 silly audit   '@envelop/core': [ '5.5.1' ],
65 silly audit   '@envelop/instrumentation': [ '1.0.0' ],
65 silly audit   '@envelop/types': [ '5.2.1' ],
65 silly audit   '@eslint-community/eslint-utils': [ '4.9.1' ],
65 silly audit   'eslint-visitor-keys': [ '3.4.3', '5.0.1', '4.2.1' ],
65 silly audit   '@eslint-community/regexpp': [ '4.12.2' ],
65 silly audit   '@eslint/config-array': [ '0.21.2' ],
65 silly audit   '@eslint/config-helpers': [ '0.4.2' ],
65 silly audit   '@eslint/core': [ '0.17.0' ],
65 silly audit   '@eslint/eslintrc': [ '3.3.5' ],
65 silly audit   '@eslint/js': [ '9.39.4' ],
65 silly audit   '@eslint/object-schema': [ '2.1.7' ],
65 silly audit   '@eslint/plugin-kit': [ '0.4.1' ],
65 silly audit   '@fastify/busboy': [ '3.2.0' ],
65 silly audit   '@graphql-codegen/add': [ '6.0.1' ],
65 silly audit   '@graphql-codegen/cli': [ '6.3.1' ],
65 silly audit   '@graphql-codegen/client-preset': [ '5.3.0' ],
65 silly audit   '@graphql-codegen/core': [ '5.0.2' ],
65 silly audit   '@graphql-codegen/gql-tag-operations': [ '5.2.0' ],
65 silly audit   '@graphql-codegen/plugin-helpers': [ '6.3.0' ],
65 silly audit   '@graphql-codegen/schema-ast': [ '5.0.2' ],
65 silly audit   '@graphql-codegen/typed-document-node': [ '6.1.8' ],
65 silly audit   '@graphql-codegen/typescript': [ '5.0.10' ],
65 silly audit   '@graphql-codegen/typescript-operations': [ '5.1.0' ],
65 silly audit   '@graphql-codegen/visitor-plugin-common': [ '6.3.0' ],
65 silly audit   '@graphql-hive/signal': [ '2.0.0' ],
65 silly audit   '@graphql-tools/apollo-engine-loader': [ '8.0.30' ],
65 silly audit   '@graphql-tools/batch-execute': [ '10.0.8' ],
65 silly audit   '@graphql-tools/code-file-loader': [ '8.1.32' ],
65 silly audit   '@graphql-tools/delegate': [ '12.0.14' ],
65 silly audit   '@graphql-tools/documents': [ '1.0.1' ],
65 silly audit   '@graphql-tools/executor': [ '1.5.3' ],
65 silly audit   '@graphql-tools/executor-common': [ '1.0.6' ],
65 silly audit   '@graphql-tools/executor-graphql-ws': [ '3.1.5' ],
65 silly audit   '@graphql-tools/executor-http': [ '3.2.1' ],
65 silly audit   '@graphql-tools/executor-legacy-ws': [ '1.1.28' ],
65 silly audit   '@graphql-tools/git-loader': [ '8.0.36' ],
65 silly audit   '@graphql-tools/github-loader': [ '9.1.2' ],
65 silly audit   '@graphql-tools/graphql-file-loader': [ '8.1.14' ],
65 silly audit   '@graphql-tools/graphql-tag-pluck': [ '8.3.31' ],
65 silly audit   '@graphql-tools/import': [ '7.1.14' ],
65 silly audit   'resolve-from': [ '5.0.0', '4.0.0' ],
65 silly audit   '@graphql-tools/json-file-loader': [ '8.0.28' ],
65 silly audit   '@graphql-tools/load': [ '8.1.10' ],
65 silly audit   '@graphql-tools/merge': [ '9.1.9' ],
65 silly audit   '@graphql-tools/optimize': [ '2.0.0' ],
65 silly audit   '@graphql-tools/relay-operation-optimizer': [ '7.1.4' ],
65 silly audit   '@graphql-tools/schema': [ '10.0.33' ],
65 silly audit   '@graphql-tools/url-loader': [ '9.1.2' ],
65 silly audit   '@graphql-tools/utils': [ '11.1.0' ],
65 silly audit   '@graphql-tools/wrap': [ '11.1.14' ],
65 silly audit   '@graphql-typed-document-node/core': [ '3.2.0' ],
65 silly audit   '@hookform/resolvers': [ '5.2.2' ],
65 silly audit   '@humanfs/core': [ '0.19.1' ],
65 silly audit   '@humanfs/node': [ '0.16.7' ],
65 silly audit   '@humanwhocodes/module-importer': [ '1.0.1' ],
65 silly audit   '@humanwhocodes/retry': [ '0.4.3' ],
65 silly audit   '@img/colour': [ '1.1.0' ],
65 silly audit   '@img/sharp-darwin-arm64': [ '0.34.5' ],
65 silly audit   '@img/sharp-darwin-x64': [ '0.34.5' ],
65 silly audit   '@img/sharp-libvips-darwin-arm64': [ '1.2.4' ],
65 silly audit   '@img/sharp-libvips-darwin-x64': [ '1.2.4' ],
65 silly audit   '@img/sharp-libvips-linux-arm': [ '1.2.4' ],
65 silly audit   '@img/sharp-libvips-linux-arm64': [ '1.2.4' ],
65 silly audit   '@img/sharp-libvips-linux-ppc64': [ '1.2.4' ],
65 silly audit   '@img/sharp-libvips-linux-riscv64': [ '1.2.4' ],
65 silly audit   '@img/sharp-libvips-linux-s390x': [ '1.2.4' ],
65 silly audit   '@img/sharp-libvips-linux-x64': [ '1.2.4' ],
65 silly audit   '@img/sharp-libvips-linuxmusl-arm64': [ '1.2.4' ],
65 silly audit   '@img/sharp-libvips-linuxmusl-x64': [ '1.2.4' ],
65 silly audit   '@img/sharp-linux-arm': [ '0.34.5' ],
65 silly audit   '@img/sharp-linux-arm64': [ '0.34.5' ],
65 silly audit   '@img/sharp-linux-ppc64': [ '0.34.5' ],
65 silly audit   '@img/sharp-linux-riscv64': [ '0.34.5' ],
65 silly audit   '@img/sharp-linux-s390x': [ '0.34.5' ],
65 silly audit   '@img/sharp-linux-x64': [ '0.34.5' ],
65 silly audit   '@img/sharp-linuxmusl-arm64': [ '0.34.5' ],
65 silly audit   '@img/sharp-linuxmusl-x64': [ '0.34.5' ],
65 silly audit   '@img/sharp-wasm32': [ '0.34.5' ],
65 silly audit   '@img/sharp-win32-arm64': [ '0.34.5' ],
65 silly audit   '@img/sharp-win32-ia32': [ '0.34.5' ],
65 silly audit   '@img/sharp-win32-x64': [ '0.34.5' ],
65 silly audit   '@inquirer/ansi': [ '1.0.2' ],
65 silly audit   '@inquirer/checkbox': [ '4.3.2' ],
65 silly audit   '@inquirer/confirm': [ '5.1.21' ],
65 silly audit   '@inquirer/core': [ '10.3.2' ],
65 silly audit   '@inquirer/editor': [ '4.2.23' ],
65 silly audit   '@inquirer/expand': [ '4.0.23' ],
65 silly audit   '@inquirer/external-editor': [ '1.0.3' ],
65 silly audit   '@inquirer/figures': [ '1.0.15' ],
65 silly audit   '@inquirer/input': [ '4.3.1' ],
65 silly audit   '@inquirer/number': [ '3.0.23' ],
65 silly audit   '@inquirer/password': [ '4.0.23' ],
65 silly audit   '@inquirer/prompts': [ '7.10.1' ],
65 silly audit   '@inquirer/rawlist': [ '4.1.11' ],
65 silly audit   '@inquirer/search': [ '3.2.2' ],
65 silly audit   '@inquirer/select': [ '4.4.2' ],
65 silly audit   '@inquirer/type': [ '3.0.10' ],
65 silly audit   '@jridgewell/gen-mapping': [ '0.3.13' ],
65 silly audit   '@jridgewell/remapping': [ '2.3.5' ],
65 silly audit   '@jridgewell/resolve-uri': [ '3.1.2' ],
65 silly audit   '@jridgewell/sourcemap-codec': [ '1.5.5' ],
65 silly audit   '@jridgewell/trace-mapping': [ '0.3.31' ],
65 silly audit   '@napi-rs/wasm-runtime': [ '0.2.12' ],
65 silly audit   '@next/env': [ '16.2.3' ],
65 silly audit   '@next/eslint-plugin-next': [ '16.2.3' ],
65 silly audit   '@next/swc-darwin-arm64': [ '16.2.3' ],
65 silly audit   '@next/swc-darwin-x64': [ '16.2.3' ],
65 silly audit   '@next/swc-linux-arm64-gnu': [ '16.2.3' ],
65 silly audit   '@next/swc-linux-arm64-musl': [ '16.2.3' ],
65 silly audit   '@next/swc-linux-x64-gnu': [ '16.2.3' ],
65 silly audit   '@next/swc-linux-x64-musl': [ '16.2.3' ],
65 silly audit   '@next/swc-win32-arm64-msvc': [ '16.2.3' ],
65 silly audit   '@next/swc-win32-x64-msvc': [ '16.2.3' ],
65 silly audit   '@nodelib/fs.scandir': [ '2.1.5' ],
65 silly audit   '@nodelib/fs.stat': [ '2.0.5' ],
65 silly audit   '@nodelib/fs.walk': [ '1.2.8' ],
65 silly audit   '@nolyfill/is-core-module': [ '1.0.39' ],
65 silly audit   '@radix-ui/react-compose-refs': [ '1.1.2' ],
65 silly audit   '@radix-ui/react-label': [ '2.1.8' ],
65 silly audit   '@radix-ui/react-primitive': [ '2.1.4' ],
65 silly audit   '@radix-ui/react-slot': [ '1.2.4' ],
65 silly audit   '@repeaterjs/repeater': [ '3.0.6' ],
65 silly audit   '@rtsao/scc': [ '1.1.0' ],
65 silly audit   '@standard-schema/utils': [ '0.3.0' ],
65 silly audit   '@swc/helpers': [ '0.5.15' ],
65 silly audit   '@tailwindcss/node': [ '4.2.2' ],
65 silly audit   '@tailwindcss/oxide': [ '4.2.2' ],
65 silly audit   '@tailwindcss/oxide-android-arm64': [ '4.2.2' ],
65 silly audit   '@tailwindcss/oxide-darwin-arm64': [ '4.2.2' ],
65 silly audit   '@tailwindcss/oxide-darwin-x64': [ '4.2.2' ],
65 silly audit   '@tailwindcss/oxide-freebsd-x64': [ '4.2.2' ],
65 silly audit   '@tailwindcss/oxide-linux-arm-gnueabihf': [ '4.2.2' ],
65 silly audit   '@tailwindcss/oxide-linux-arm64-gnu': [ '4.2.2' ],
65 silly audit   '@tailwindcss/oxide-linux-arm64-musl': [ '4.2.2' ],
65 silly audit   '@tailwindcss/oxide-linux-x64-gnu': [ '4.2.2' ],
65 silly audit   '@tailwindcss/oxide-linux-x64-musl': [ '4.2.2' ],
65 silly audit   '@tailwindcss/oxide-win32-arm64-msvc': [ '4.2.2' ],
65 silly audit   '@tailwindcss/oxide-win32-x64-msvc': [ '4.2.2' ],
65 silly audit   '@tailwindcss/postcss': [ '4.2.2' ],
65 silly audit   '@tybys/wasm-util': [ '0.10.1' ],
65 silly audit   '@types/estree': [ '1.0.8' ],
65 silly audit   '@types/json-schema': [ '7.0.15' ],
65 silly audit   '@types/json5': [ '0.0.29' ],
65 silly audit   '@types/node': [ '20.19.39' ],
65 silly audit   '@types/react': [ '19.2.14' ],
65 silly audit   '@types/react-dom': [ '19.2.3' ],
65 silly audit   '@types/ws': [ '8.18.1' ],
65 silly audit   '@typescript-eslint/eslint-plugin': [ '8.58.1' ],
65 silly audit   ignore: [ '7.0.5', '5.3.2' ],
65 silly audit   '@typescript-eslint/parser': [ '8.58.1' ],
65 silly audit   '@typescript-eslint/project-service': [ '8.58.1' ],
65 silly audit   '@typescript-eslint/scope-manager': [ '8.58.1' ],
65 silly audit   '@typescript-eslint/tsconfig-utils': [ '8.58.1' ],
65 silly audit   '@typescript-eslint/type-utils': [ '8.58.1' ],
65 silly audit   '@typescript-eslint/types': [ '8.58.1' ],
65 silly audit   '@typescript-eslint/typescript-estree': [ '8.58.1' ],
65 silly audit   'balanced-match': [ '4.0.4', '1.0.2' ],
65 silly audit   'brace-expansion': [ '5.0.5', '1.1.14' ],
65 silly audit   minimatch: [ '10.2.5', '3.1.5' ],
65 silly audit   semver: [ '7.7.4', '6.3.1' ],
65 silly audit   '@typescript-eslint/utils': [ '8.58.1' ],
65 silly audit   '@typescript-eslint/visitor-keys': [ '8.58.1' ],
65 silly audit   '@unrs/resolver-binding-android-arm-eabi': [ '1.11.1' ],
65 silly audit   '@unrs/resolver-binding-android-arm64': [ '1.11.1' ],
65 silly audit   '@unrs/resolver-binding-darwin-arm64': [ '1.11.1' ],
65 silly audit   '@unrs/resolver-binding-darwin-x64': [ '1.11.1' ],
65 silly audit   '@unrs/resolver-binding-freebsd-x64': [ '1.11.1' ],
65 silly audit   '@unrs/resolver-binding-linux-arm-gnueabihf': [ '1.11.1' ],
65 silly audit   '@unrs/resolver-binding-linux-arm-musleabihf': [ '1.11.1' ],
65 silly audit   '@unrs/resolver-binding-linux-arm64-gnu': [ '1.11.1' ],
65 silly audit   '@unrs/resolver-binding-linux-arm64-musl': [ '1.11.1' ],
65 silly audit   '@unrs/resolver-binding-linux-ppc64-gnu': [ '1.11.1' ],
65 silly audit   '@unrs/resolver-binding-linux-riscv64-gnu': [ '1.11.1' ],
65 silly audit   '@unrs/resolver-binding-linux-riscv64-musl': [ '1.11.1' ],
65 silly audit   '@unrs/resolver-binding-linux-s390x-gnu': [ '1.11.1' ],
65 silly audit   '@unrs/resolver-binding-linux-x64-gnu': [ '1.11.1' ],
65 silly audit   '@unrs/resolver-binding-linux-x64-musl': [ '1.11.1' ],
65 silly audit   '@unrs/resolver-binding-wasm32-wasi': [ '1.11.1' ],
65 silly audit   '@unrs/resolver-binding-win32-arm64-msvc': [ '1.11.1' ],
65 silly audit   '@unrs/resolver-binding-win32-ia32-msvc': [ '1.11.1' ],
65 silly audit   '@unrs/resolver-binding-win32-x64-msvc': [ '1.11.1' ],
65 silly audit   '@whatwg-node/disposablestack': [ '0.0.6' ],
65 silly audit   '@whatwg-node/fetch': [ '0.10.13' ],
65 silly audit   '@whatwg-node/node-fetch': [ '0.8.5' ],
65 silly audit   '@whatwg-node/promise-helpers': [ '1.3.2' ],
65 silly audit   acorn: [ '8.16.0' ],
65 silly audit   'acorn-jsx': [ '5.3.2' ],
65 silly audit   ajv: [ '6.14.0' ],
65 silly audit   'ansi-escapes': [ '7.3.0' ],
65 silly audit   'ansi-regex': [ '6.2.2', '5.0.1' ],
65 silly audit   'ansi-styles': [ '4.3.0', '6.2.3' ],
65 silly audit   argparse: [ '2.0.1' ],
65 silly audit   'aria-query': [ '5.3.2' ],
65 silly audit   'array-buffer-byte-length': [ '1.0.2' ],
65 silly audit   'array-flatten': [ '3.0.0' ],
65 silly audit   'array-includes': [ '3.1.9' ],
65 silly audit   'array-union': [ '2.1.0' ],
65 silly audit   'array.prototype.findlast': [ '1.2.5' ],
65 silly audit   'array.prototype.findlastindex': [ '1.2.6' ],
65 silly audit   'array.prototype.flat': [ '1.3.3' ],
65 silly audit   'array.prototype.flatmap': [ '1.3.3' ],
65 silly audit   'array.prototype.tosorted': [ '1.1.4' ],
65 silly audit   'arraybuffer.prototype.slice': [ '1.0.4' ],
65 silly audit   'ast-types-flow': [ '0.0.8' ],
65 silly audit   'async-function': [ '1.0.0' ],
65 silly audit   'auto-bind': [ '4.0.0' ],
65 silly audit   'available-typed-arrays': [ '1.0.7' ],
65 silly audit   'axe-core': [ '4.11.2' ],
65 silly audit   'axobject-query': [ '4.1.0' ],
65 silly audit   'baseline-browser-mapping': [ '2.10.18' ],
65 silly audit   braces: [ '3.0.3' ],
65 silly audit   browserslist: [ '4.28.2' ],
65 silly audit   'call-bind': [ '1.0.9' ],
65 silly audit   'call-bind-apply-helpers': [ '1.0.2' ],
65 silly audit   'call-bound': [ '1.0.4' ],
65 silly audit   callsites: [ '3.1.0' ],
65 silly audit   'camel-case': [ '4.1.2' ],
65 silly audit   'caniuse-lite': [ '1.0.30001787' ],
65 silly audit   'capital-case': [ '1.0.4' ],
65 silly audit   chalk: [ '4.1.2' ],
65 silly audit   'change-case': [ '4.1.2' ],
65 silly audit   'change-case-all': [ '1.0.15' ],
65 silly audit   chardet: [ '2.1.1' ],
65 silly audit   'cli-cursor': [ '5.0.0' ],
65 silly audit   'cli-truncate': [ '5.2.0' ],
65 silly audit   'cli-width': [ '4.1.0' ],
65 silly audit   'client-only': [ '0.0.1' ],
65 silly audit   cliui: [ '8.0.1' ],
65 silly audit   'emoji-regex': [ '8.0.0', '9.2.2', '10.6.0' ],
65 silly audit   'is-fullwidth-code-point': [ '3.0.0', '5.1.0' ],
65 silly audit   'string-width': [ '4.2.3', '7.2.0', '8.2.1' ],
65 silly audit   'strip-ansi': [ '6.0.1', '7.2.0' ],
65 silly audit   'wrap-ansi': [ '7.0.0', '9.0.2', '6.2.0' ],
65 silly audit   clsx: [ '2.1.1' ],
65 silly audit   'color-convert': [ '2.0.1' ],
65 silly audit   'color-name': [ '1.1.4' ],
65 silly audit   colorette: [ '2.0.20' ],
65 silly audit   'common-tags': [ '1.8.2' ],
65 silly audit   'concat-map': [ '0.0.1' ],
65 silly audit   'constant-case': [ '3.0.4' ],
65 silly audit   'convert-source-map': [ '2.0.0' ],
65 silly audit   cosmiconfig: [ '9.0.1', '8.3.6' ],
65 silly audit   'cross-inspect': [ '1.0.1' ],
65 silly audit   'cross-spawn': [ '7.0.6' ],
65 silly audit   csstype: [ '3.2.3' ],
65 silly audit   'damerau-levenshtein': [ '1.0.8' ],
65 silly audit   'data-uri-to-buffer': [ '4.0.1' ],
65 silly audit   'data-view-buffer': [ '1.0.2' ],
65 silly audit   'data-view-byte-length': [ '1.0.2' ],
65 silly audit   'data-view-byte-offset': [ '1.0.1' ],
65 silly audit   dataloader: [ '2.2.3' ],
65 silly audit   'datocms-listen': [ '1.0.2' ],
65 silly audit   'datocms-structured-text-generic-html-renderer': [ '5.1.7' ],
65 silly audit   'datocms-structured-text-utils': [ '5.1.7' ],
65 silly audit   debounce: [ '2.2.0' ],
65 silly audit   debug: [ '4.4.3', '3.2.7' ],
65 silly audit   'deep-is': [ '0.1.4' ],
65 silly audit   'define-data-property': [ '1.1.4' ],
65 silly audit   'define-properties': [ '1.2.1' ],
65 silly audit   'dependency-graph': [ '1.0.0' ],
65 silly audit   dequal: [ '2.0.3' ],
65 silly audit   'detect-indent': [ '6.1.0' ],
65 silly audit   'detect-libc': [ '2.1.2' ],
65 silly audit   'dir-glob': [ '3.0.1' ],
65 silly audit   doctrine: [ '2.1.0' ],
65 silly audit   'dot-case': [ '3.0.4' ],
65 silly audit   'dunder-proto': [ '1.0.1' ],
65 silly audit   'electron-to-chromium': [ '1.5.335' ],
65 silly audit   'enhanced-resolve': [ '5.20.1' ],
65 silly audit   'env-paths': [ '2.2.1' ],
65 silly audit   environment: [ '1.1.0' ],
65 silly audit   'error-ex': [ '1.3.4' ],
65 silly audit   'es-abstract': [ '1.24.2' ],
65 silly audit   'es-define-property': [ '1.0.1' ],
65 silly audit   'es-errors': [ '1.3.0' ],
65 silly audit   'es-iterator-helpers': [ '1.3.2' ],
65 silly audit   'es-object-atoms': [ '1.1.1' ],
65 silly audit   'es-set-tostringtag': [ '2.1.0' ],
65 silly audit   'es-shim-unscopables': [ '1.1.0' ],
65 silly audit   'es-to-primitive': [ '1.3.0' ],
65 silly audit   escalade: [ '3.2.0' ],
65 silly audit   'escape-string-regexp': [ '4.0.0' ],
65 silly audit   eslint: [ '9.39.4' ],
65 silly audit   'eslint-config-next': [ '16.2.3' ],
65 silly audit   globals: [ '16.4.0', '14.0.0' ],
65 silly audit   'eslint-import-resolver-node': [ '0.3.10' ],
65 silly audit   'eslint-import-resolver-typescript': [ '3.10.1' ],
65 silly audit   'eslint-module-utils': [ '2.12.1' ],
65 silly audit   'eslint-plugin-import': [ '2.32.0' ],
65 silly audit   'eslint-plugin-jsx-a11y': [ '6.10.2' ],
65 silly audit   'eslint-plugin-react': [ '7.37.5' ],
65 silly audit   'eslint-plugin-react-hooks': [ '7.0.1' ],
65 silly audit   'eslint-scope': [ '8.4.0' ],
65 silly audit   espree: [ '10.4.0' ],
65 silly audit   esquery: [ '1.7.0' ],
65 silly audit   esrecurse: [ '4.3.0' ],
65 silly audit   estraverse: [ '5.3.0' ],
65 silly audit   esutils: [ '2.0.3' ],
65 silly audit   eventemitter3: [ '5.0.4' ],
65 silly audit   'fast-deep-equal': [ '3.1.3' ],
65 silly audit   'fast-glob': [ '3.3.1' ],
65 silly audit   'glob-parent': [ '5.1.2', '6.0.2' ],
65 silly audit   'fast-json-stable-stringify': [ '2.1.0' ],
65 silly audit   'fast-levenshtein': [ '2.0.6' ],
65 silly audit   fastq: [ '1.20.1' ],
65 silly audit   'fetch-blob': [ '3.2.0' ],
65 silly audit   'file-entry-cache': [ '8.0.0' ],
65 silly audit   'fill-range': [ '7.1.1' ],
65 silly audit   'find-up': [ '5.0.0' ],
65 silly audit   'flat-cache': [ '4.0.1' ],
65 silly audit   flatted: [ '3.4.2' ],
65 silly audit   'for-each': [ '0.3.5' ],
65 silly audit   'formdata-polyfill': [ '4.0.10' ],
65 silly audit   'function-bind': [ '1.1.2' ],
65 silly audit   'function.prototype.name': [ '1.1.8' ],
65 silly audit   'functions-have-names': [ '1.2.3' ],
65 silly audit   'generator-function': [ '2.0.1' ],
65 silly audit   gensync: [ '1.0.0-beta.2' ],
65 silly audit   'get-caller-file': [ '2.0.5' ],
65 silly audit   'get-east-asian-width': [ '1.5.0' ],
65 silly audit   'get-intrinsic': [ '1.3.0' ],
65 silly audit   'get-proto': [ '1.0.1' ],
65 silly audit   'get-symbol-description': [ '1.1.0' ],
65 silly audit   'get-tsconfig': [ '4.13.7' ],
65 silly audit   globalthis: [ '1.0.4' ],
65 silly audit   globby: [ '11.1.0' ],
65 silly audit   gopd: [ '1.2.0' ],
65 silly audit   'graceful-fs': [ '4.2.11' ],
65 silly audit   graphql: [ '16.13.2' ],
65 silly audit   'graphql-config': [ '5.1.6' ],
65 silly audit   'graphql-tag': [ '2.12.6' ],
65 silly audit   'graphql-ws': [ '6.0.8' ],
65 silly audit   'has-bigints': [ '1.1.0' ],
65 silly audit   'has-flag': [ '4.0.0' ],
65 silly audit   'has-property-descriptors': [ '1.0.2' ],
65 silly audit   'has-proto': [ '1.2.0' ],
65 silly audit   'has-symbols': [ '1.1.0' ],
65 silly audit   'has-tostringtag': [ '1.0.2' ],
65 silly audit   hasown: [ '2.0.2' ],
65 silly audit   'header-case': [ '2.0.4' ],
65 silly audit   'hermes-estree': [ '0.25.1' ],
65 silly audit   'hermes-parser': [ '0.25.1' ],
65 silly audit   'iconv-lite': [ '0.7.2' ],
65 silly audit   immutable: [ '5.1.5' ],
65 silly audit   'import-fresh': [ '3.3.1' ],
65 silly audit   'import-from': [ '4.0.0' ],
65 silly audit   imurmurhash: [ '0.1.4' ],
65 silly audit   'internal-slot': [ '1.1.0' ],
65 silly audit   invariant: [ '2.2.4' ],
65 silly audit   'is-absolute': [ '1.0.0' ],
65 silly audit   'is-array-buffer': [ '3.0.5' ],
65 silly audit   'is-arrayish': [ '0.2.1' ],
65 silly audit   'is-async-function': [ '2.1.1' ],
65 silly audit   'is-bigint': [ '1.1.0' ],
65 silly audit   'is-boolean-object': [ '1.2.2' ],
65 silly audit   'is-bun-module': [ '2.0.0' ],
65 silly audit   'is-callable': [ '1.2.7' ],
65 silly audit   'is-core-module': [ '2.16.1' ],
65 silly audit   'is-data-view': [ '1.0.2' ],
65 silly audit   'is-date-object': [ '1.1.0' ],
65 silly audit   'is-extglob': [ '2.1.1' ],
65 silly audit   'is-finalizationregistry': [ '1.1.1' ],
65 silly audit   'is-generator-function': [ '1.1.2' ],
65 silly audit   'is-glob': [ '4.0.3' ],
65 silly audit   'is-lower-case': [ '2.0.2' ],
65 silly audit   'is-map': [ '2.0.3' ],
65 silly audit   'is-negative-zero': [ '2.0.3' ],
65 silly audit   'is-number': [ '7.0.0' ],
65 silly audit   'is-number-object': [ '1.1.1' ],
65 silly audit   'is-regex': [ '1.2.1' ],
65 silly audit   'is-relative': [ '1.0.0' ],
65 silly audit   'is-set': [ '2.0.3' ],
65 silly audit   'is-shared-array-buffer': [ '1.0.4' ],
65 silly audit   'is-string': [ '1.1.1' ],
65 silly audit   'is-symbol': [ '1.1.1' ],
65 silly audit   'is-typed-array': [ '1.1.15' ],
65 silly audit   'is-unc-path': [ '1.0.0' ],
65 silly audit   'is-unicode-supported': [ '0.1.0' ],
65 silly audit   'is-upper-case': [ '2.0.2' ],
65 silly audit   'is-weakmap': [ '2.0.2' ],
65 silly audit   'is-weakref': [ '1.1.1' ],
65 silly audit   'is-weakset': [ '2.0.4' ],
65 silly audit   'is-windows': [ '1.0.2' ],
65 silly audit   isarray: [ '2.0.5' ],
65 silly audit   isexe: [ '2.0.0' ],
65 silly audit   'isomorphic-ws': [ '5.0.0' ],
65 silly audit   isows: [ '1.0.7' ],
65 silly audit   'iterator.prototype': [ '1.1.5' ],
65 silly audit   jiti: [ '2.6.1' ],
65 silly audit   'js-tokens': [ '4.0.0' ],
65 silly audit   'js-yaml': [ '4.1.1' ],
65 silly audit   jsesc: [ '3.1.0' ],
65 silly audit   'json-buffer': [ '3.0.1' ],
65 silly audit   'json-parse-even-better-errors': [ '2.3.1' ],
65 silly audit   'json-schema-traverse': [ '0.4.1' ],
65 silly audit   'json-stable-stringify-without-jsonify': [ '1.0.1' ],
65 silly audit   'json-to-pretty-yaml': [ '1.2.2' ],
65 silly audit   json5: [ '2.2.3', '1.0.2' ],
65 silly audit   'jsx-ast-utils': [ '3.3.5' ],
65 silly audit   keyv: [ '4.5.4' ],
65 silly audit   'language-subtag-registry': [ '0.3.23' ],
65 silly audit   'language-tags': [ '1.0.9' ],
65 silly audit   levn: [ '0.4.1' ],
65 silly audit   lightningcss: [ '1.32.0' ],
65 silly audit   'lightningcss-android-arm64': [ '1.32.0' ],
65 silly audit   'lightningcss-darwin-arm64': [ '1.32.0' ],
65 silly audit   'lightningcss-darwin-x64': [ '1.32.0' ],
65 silly audit   'lightningcss-freebsd-x64': [ '1.32.0' ],
65 silly audit   'lightningcss-linux-arm-gnueabihf': [ '1.32.0' ],
65 silly audit   'lightningcss-linux-arm64-gnu': [ '1.32.0' ],
65 silly audit   'lightningcss-linux-arm64-musl': [ '1.32.0' ],
65 silly audit   'lightningcss-linux-x64-gnu': [ '1.32.0' ],
65 silly audit   'lightningcss-linux-x64-musl': [ '1.32.0' ],
65 silly audit   'lightningcss-win32-arm64-msvc': [ '1.32.0' ],
65 silly audit   'lightningcss-win32-x64-msvc': [ '1.32.0' ],
65 silly audit   'lines-and-columns': [ '1.2.4' ],
65 silly audit   listr2: [ '9.0.5' ],
65 silly audit   'locate-path': [ '6.0.0' ],
65 silly audit   'lodash.merge': [ '4.6.2' ],
65 silly audit   'lodash.sortby': [ '4.7.0' ],
65 silly audit   'log-symbols': [ '4.1.0' ],
65 silly audit   'log-update': [ '6.1.0' ],
65 silly audit   'slice-ansi': [ '7.1.2', '8.0.0' ],
65 silly audit   'loose-envify': [ '1.4.0' ],
65 silly audit   'lower-case': [ '2.0.2' ],
65 silly audit   'lower-case-first': [ '2.0.2' ],
65 silly audit   'lru-cache': [ '5.1.1' ],
65 silly audit   'magic-string': [ '0.30.21' ],
65 silly audit   'map-cache': [ '0.2.2' ],
65 silly audit   'math-intrinsics': [ '1.1.0' ],
65 silly audit   merge2: [ '1.4.1' ],
65 silly audit   meros: [ '1.3.2' ],
65 silly audit   micromatch: [ '4.0.8' ],
65 silly audit   'mimic-function': [ '5.0.1' ],
65 silly audit   minimist: [ '1.2.8' ],
65 silly audit   ms: [ '2.1.3' ],
65 silly audit   'mute-stream': [ '2.0.0' ],
65 silly audit   nanoid: [ '3.3.11' ],
65 silly audit   'napi-postinstall': [ '0.3.4' ],
65 silly audit   'natural-compare': [ '1.4.0' ],
65 silly audit   next: [ '16.2.3' ],
65 silly audit   postcss: [ '8.4.31', '8.5.9' ],
65 silly audit   'no-case': [ '3.0.4' ],
65 silly audit   'node-domexception': [ '1.0.0' ],
65 silly audit   'node-exports-info': [ '1.6.0' ],
65 silly audit   'node-fetch': [ '3.3.2' ],
65 silly audit   'node-releases': [ '2.0.37' ],
65 silly audit   'normalize-path': [ '2.1.1' ],
65 silly audit   'object-assign': [ '4.1.1' ],
65 silly audit   'object-inspect': [ '1.13.4' ],
65 silly audit   'object-keys': [ '1.1.1' ],
65 silly audit   'object.assign': [ '4.1.7' ],
65 silly audit   'object.entries': [ '1.1.9' ],
65 silly audit   'object.fromentries': [ '2.0.8' ],
65 silly audit   'object.groupby': [ '1.0.3' ],
65 silly audit   'object.values': [ '1.2.1' ],
65 silly audit   onetime: [ '7.0.0' ],
65 silly audit   optionator: [ '0.9.4' ],
65 silly audit   'own-keys': [ '1.0.1' ],
65 silly audit   'p-limit': [ '3.1.0' ],
65 silly audit   'p-locate': [ '5.0.0' ],
65 silly audit   'param-case': [ '3.0.4' ],
65 silly audit   'parent-module': [ '1.0.1' ],
65 silly audit   'parse-filepath': [ '1.0.2' ],
65 silly audit   'parse-json': [ '5.2.0' ],
65 silly audit   'pascal-case': [ '3.1.2' ],
65 silly audit   'path-case': [ '3.0.4' ],
65 silly audit   'path-exists': [ '4.0.0' ],
65 silly audit   'path-key': [ '3.1.1' ],
65 silly audit   'path-parse': [ '1.0.7' ],
65 silly audit   'path-root': [ '0.1.1' ],
65 silly audit   'path-root-regex': [ '0.1.2' ],
65 silly audit   'path-type': [ '4.0.0' ],
65 silly audit   picocolors: [ '1.1.1' ],
65 silly audit   picomatch: [ '2.3.2', '4.0.4' ],
65 silly audit   'possible-typed-array-names': [ '1.1.0' ],
65 silly audit   'prelude-ls': [ '1.2.1' ],
65 silly audit   'prop-types': [ '15.8.1' ],
65 silly audit   punycode: [ '2.3.1' ],
65 silly audit   'queue-microtask': [ '1.2.3' ],
65 silly audit   react: [ '19.2.4' ],
65 silly audit   'react-datocms': [ '8.0.2' ],
65 silly audit   'react-intersection-observer': [ '9.16.0' ],
65 silly audit   'react-dom': [ '19.2.4' ],
65 silly audit   'react-hook-form': [ '7.72.1' ],
65 silly audit   'react-is': [ '16.13.1' ],
65 silly audit   'react-string-replace': [ '1.1.1' ],
65 silly audit   'reflect.getprototypeof': [ '1.0.10' ],
65 silly audit   'regexp.prototype.flags': [ '1.5.4' ],
65 silly audit   remedial: [ '1.0.8' ],
65 silly audit   'remove-trailing-separator': [ '1.1.0' ],
65 silly audit   'remove-trailing-spaces': [ '1.0.9' ],
65 silly audit   'require-directory': [ '2.1.1' ],
65 silly audit   resolve: [ '2.0.0-next.6' ],
65 silly audit   'resolve-pkg-maps': [ '1.0.0' ],
65 silly audit   'restore-cursor': [ '5.1.0' ],
65 silly audit   reusify: [ '1.1.0' ],
65 silly audit   rfdc: [ '1.4.1' ],
65 silly audit   'run-parallel': [ '1.2.0' ],
65 silly audit   'safe-array-concat': [ '1.1.3' ],
65 silly audit   'safe-push-apply': [ '1.0.0' ],
65 silly audit   'safe-regex-test': [ '1.1.0' ],
65 silly audit   'safer-buffer': [ '2.1.2' ],
65 silly audit   scheduler: [ '0.27.0' ],
65 silly audit   'sentence-case': [ '3.0.4' ],
65 silly audit   'set-function-length': [ '1.2.2' ],
65 silly audit   'set-function-name': [ '2.0.2' ],
65 silly audit   'set-proto': [ '1.0.0' ],
65 silly audit   sharp: [ '0.34.5' ],
65 silly audit   'shebang-command': [ '2.0.0' ],
65 silly audit   'shebang-regex': [ '3.0.0' ],
65 silly audit   'shell-quote': [ '1.8.3' ],
65 silly audit   'side-channel': [ '1.1.0' ],
65 silly audit   'side-channel-list': [ '1.0.1' ],
65 silly audit   'side-channel-map': [ '1.0.1' ],
65 silly audit   'side-channel-weakmap': [ '1.0.2' ],
65 silly audit   'signal-exit': [ '4.1.0' ],
65 silly audit   slash: [ '3.0.0' ],
65 silly audit   'snake-case': [ '3.0.4' ],
65 silly audit   'source-map-js': [ '1.2.1' ],
65 silly audit   'sponge-case': [ '1.0.1' ],
65 silly audit   'stable-hash': [ '0.0.5' ],
65 silly audit   'stop-iteration-iterator': [ '1.1.0' ],
65 silly audit   'string-env-interpolation': [ '1.0.1' ],
65 silly audit   'string.prototype.includes': [ '2.0.1' ],
65 silly audit   'string.prototype.matchall': [ '4.0.12' ],
65 silly audit   'string.prototype.repeat': [ '1.0.0' ],
65 silly audit   'string.prototype.trim': [ '1.2.10' ],
65 silly audit   'string.prototype.trimend': [ '1.0.9' ],
65 silly audit   'string.prototype.trimstart': [ '1.0.8' ],
65 silly audit   'strip-bom': [ '3.0.0' ],
65 silly audit   'strip-json-comments': [ '3.1.1' ],
65 silly audit   'styled-jsx': [ '5.1.6' ],
65 silly audit   'supports-color': [ '7.2.0' ],
65 silly audit   'supports-preserve-symlinks-flag': [ '1.0.0' ],
65 silly audit   'swap-case': [ '2.0.2' ],
65 silly audit   'sync-fetch': [ '0.6.0' ],
65 silly audit   'tailwind-merge': [ '3.5.0' ],
65 silly audit   tailwindcss: [ '4.2.2' ],
65 silly audit   tapable: [ '2.3.2' ],
65 silly audit   'timeout-signal': [ '2.0.0' ],
65 silly audit   tinyglobby: [ '0.2.16' ],
65 silly audit   fdir: [ '6.5.0' ],
65 silly audit   'title-case': [ '3.0.3' ],
65 silly audit   'to-regex-range': [ '5.0.1' ],
65 silly audit   'ts-api-utils': [ '2.5.0' ],
65 silly audit   'ts-log': [ '2.2.7' ],
65 silly audit   'tsconfig-paths': [ '3.15.0' ],
65 silly audit   tslib: [ '2.8.1' ],
65 silly audit   'type-check': [ '0.4.0' ],
65 silly audit   'typed-array-buffer': [ '1.0.3' ],
65 silly audit   'typed-array-byte-length': [ '1.0.3' ],
65 silly audit   'typed-array-byte-offset': [ '1.0.4' ],
65 silly audit   'typed-array-length': [ '1.0.7' ],
65 silly audit   typescript: [ '5.9.3' ],
65 silly audit   'typescript-eslint': [ '8.58.1' ],
65 silly audit   'unbox-primitive': [ '1.1.0' ],
65 silly audit   'unc-path-regex': [ '0.1.2' ],
65 silly audit   'undici-types': [ '6.21.0' ],
65 silly audit   unixify: [ '1.0.0' ],
65 silly audit   'unrs-resolver': [ '1.11.1' ],
65 silly audit   'update-browserslist-db': [ '1.2.3' ],
65 silly audit   'upper-case': [ '2.0.2' ],
65 silly audit   'upper-case-first': [ '2.0.2' ],
65 silly audit   'uri-js': [ '4.4.1' ],
65 silly audit   'urlpattern-polyfill': [ '10.1.0' ],
65 silly audit   'use-deep-compare-effect': [ '1.8.1' ],
65 silly audit   'web-streams-polyfill': [ '3.3.3' ],
65 silly audit   'whatwg-mimetype': [ '4.0.0' ],
65 silly audit   which: [ '2.0.2' ],
65 silly audit   'which-boxed-primitive': [ '1.1.1' ],
65 silly audit   'which-builtin-type': [ '1.2.1' ],
65 silly audit   'which-collection': [ '1.0.2' ],
65 silly audit   'which-typed-array': [ '1.1.20' ],
65 silly audit   'word-wrap': [ '1.2.5' ],
65 silly audit   ws: [ '8.20.0' ],
65 silly audit   y18n: [ '5.0.8' ],
65 silly audit   yallist: [ '3.1.1' ],
65 silly audit   yaml: [ '2.8.3' ],
65 silly audit   yargs: [ '17.7.2' ],
65 silly audit   'yargs-parser': [ '21.1.1' ],
65 silly audit   'yocto-queue': [ '0.1.0' ],
65 silly audit   'yoctocolors-cjs': [ '2.1.3' ],
65 silly audit   zod: [ '4.3.6' ],
65 silly audit   'zod-validation-error': [ '4.0.2' ],
65 silly audit   '@fortawesome/fontawesome-svg-core': [ '6.7.2' ],
65 silly audit   '@fortawesome/free-brands-svg-icons': [ '6.7.2' ],
65 silly audit   '@fortawesome/free-regular-svg-icons': [ '6.7.2' ],
65 silly audit   '@fortawesome/free-solid-svg-icons': [ '6.7.2' ],
65 silly audit   '@fortawesome/react-fontawesome': [ '3.3.1' ],
65 silly audit   '@fortawesome/fontawesome-common-types': [ '6.7.2' ],
65 silly audit   '@tailwindcss/oxide-wasm32-wasi': [ '4.2.2' ]
65 silly audit }
66 verbose reify failed optional dependency /Users/user/Documents/projects/next-dato/node_modules/lightningcss-win32-x64-msvc
67 silly reify mark deleted [
67 silly reify   '/Users/user/Documents/projects/next-dato/node_modules/lightningcss-win32-x64-msvc'
67 silly reify ]
68 verbose reify failed optional dependency /Users/user/Documents/projects/next-dato/node_modules/lightningcss-win32-arm64-msvc
69 silly reify mark deleted [
69 silly reify   '/Users/user/Documents/projects/next-dato/node_modules/lightningcss-win32-arm64-msvc'
69 silly reify ]
70 verbose reify failed optional dependency /Users/user/Documents/projects/next-dato/node_modules/lightningcss-linux-x64-musl
71 silly reify mark deleted [
71 silly reify   '/Users/user/Documents/projects/next-dato/node_modules/lightningcss-linux-x64-musl'
71 silly reify ]
72 verbose reify failed optional dependency /Users/user/Documents/projects/next-dato/node_modules/lightningcss-linux-x64-gnu
73 silly reify mark deleted [
73 silly reify   '/Users/user/Documents/projects/next-dato/node_modules/lightningcss-linux-x64-gnu'
73 silly reify ]
74 verbose reify failed optional dependency /Users/user/Documents/projects/next-dato/node_modules/lightningcss-linux-arm64-musl
75 silly reify mark deleted [
75 silly reify   '/Users/user/Documents/projects/next-dato/node_modules/lightningcss-linux-arm64-musl'
75 silly reify ]
76 verbose reify failed optional dependency /Users/user/Documents/projects/next-dato/node_modules/lightningcss-linux-arm64-gnu
77 silly reify mark deleted [
77 silly reify   '/Users/user/Documents/projects/next-dato/node_modules/lightningcss-linux-arm64-gnu'
77 silly reify ]
78 verbose reify failed optional dependency /Users/user/Documents/projects/next-dato/node_modules/lightningcss-linux-arm-gnueabihf
79 silly reify mark deleted [
79 silly reify   '/Users/user/Documents/projects/next-dato/node_modules/lightningcss-linux-arm-gnueabihf'
79 silly reify ]
80 verbose reify failed optional dependency /Users/user/Documents/projects/next-dato/node_modules/lightningcss-freebsd-x64
81 silly reify mark deleted [
81 silly reify   '/Users/user/Documents/projects/next-dato/node_modules/lightningcss-freebsd-x64'
81 silly reify ]
82 verbose reify failed optional dependency /Users/user/Documents/projects/next-dato/node_modules/lightningcss-darwin-x64
83 silly reify mark deleted [
83 silly reify   '/Users/user/Documents/projects/next-dato/node_modules/lightningcss-darwin-x64'
83 silly reify ]
84 verbose reify failed optional dependency /Users/user/Documents/projects/next-dato/node_modules/lightningcss-android-arm64
85 silly reify mark deleted [
85 silly reify   '/Users/user/Documents/projects/next-dato/node_modules/lightningcss-android-arm64'
85 silly reify ]
86 verbose reify failed optional dependency /Users/user/Documents/projects/next-dato/node_modules/@unrs/resolver-binding-win32-x64-msvc
87 silly reify mark deleted [
87 silly reify   '/Users/user/Documents/projects/next-dato/node_modules/@unrs/resolver-binding-win32-x64-msvc'
87 silly reify ]
88 verbose reify failed optional dependency /Users/user/Documents/projects/next-dato/node_modules/@unrs/resolver-binding-win32-ia32-msvc
89 silly reify mark deleted [
89 silly reify   '/Users/user/Documents/projects/next-dato/node_modules/@unrs/resolver-binding-win32-ia32-msvc'
89 silly reify ]
90 verbose reify failed optional dependency /Users/user/Documents/projects/next-dato/node_modules/@unrs/resolver-binding-win32-arm64-msvc
91 silly reify mark deleted [
91 silly reify   '/Users/user/Documents/projects/next-dato/node_modules/@unrs/resolver-binding-win32-arm64-msvc'
91 silly reify ]
92 verbose reify failed optional dependency /Users/user/Documents/projects/next-dato/node_modules/@unrs/resolver-binding-wasm32-wasi
93 silly reify mark deleted [
93 silly reify   '/Users/user/Documents/projects/next-dato/node_modules/@unrs/resolver-binding-wasm32-wasi'
93 silly reify ]
94 verbose reify failed optional dependency /Users/user/Documents/projects/next-dato/node_modules/@unrs/resolver-binding-linux-x64-musl
95 silly reify mark deleted [
95 silly reify   '/Users/user/Documents/projects/next-dato/node_modules/@unrs/resolver-binding-linux-x64-musl'
95 silly reify ]
96 verbose reify failed optional dependency /Users/user/Documents/projects/next-dato/node_modules/@unrs/resolver-binding-linux-x64-gnu
97 silly reify mark deleted [
97 silly reify   '/Users/user/Documents/projects/next-dato/node_modules/@unrs/resolver-binding-linux-x64-gnu'
97 silly reify ]
98 verbose reify failed optional dependency /Users/user/Documents/projects/next-dato/node_modules/@unrs/resolver-binding-linux-s390x-gnu
99 silly reify mark deleted [
99 silly reify   '/Users/user/Documents/projects/next-dato/node_modules/@unrs/resolver-binding-linux-s390x-gnu'
99 silly reify ]
100 verbose reify failed optional dependency /Users/user/Documents/projects/next-dato/node_modules/@unrs/resolver-binding-linux-riscv64-musl
101 silly reify mark deleted [
101 silly reify   '/Users/user/Documents/projects/next-dato/node_modules/@unrs/resolver-binding-linux-riscv64-musl'
101 silly reify ]
102 verbose reify failed optional dependency /Users/user/Documents/projects/next-dato/node_modules/@unrs/resolver-binding-linux-riscv64-gnu
103 silly reify mark deleted [
103 silly reify   '/Users/user/Documents/projects/next-dato/node_modules/@unrs/resolver-binding-linux-riscv64-gnu'
103 silly reify ]
104 verbose reify failed optional dependency /Users/user/Documents/projects/next-dato/node_modules/@unrs/resolver-binding-linux-ppc64-gnu
105 silly reify mark deleted [
105 silly reify   '/Users/user/Documents/projects/next-dato/node_modules/@unrs/resolver-binding-linux-ppc64-gnu'
105 silly reify ]
106 verbose reify failed optional dependency /Users/user/Documents/projects/next-dato/node_modules/@unrs/resolver-binding-linux-arm64-musl
107 silly reify mark deleted [
107 silly reify   '/Users/user/Documents/projects/next-dato/node_modules/@unrs/resolver-binding-linux-arm64-musl'
107 silly reify ]
108 verbose reify failed optional dependency /Users/user/Documents/projects/next-dato/node_modules/@unrs/resolver-binding-linux-arm64-gnu
109 silly reify mark deleted [
109 silly reify   '/Users/user/Documents/projects/next-dato/node_modules/@unrs/resolver-binding-linux-arm64-gnu'
109 silly reify ]
110 verbose reify failed optional dependency /Users/user/Documents/projects/next-dato/node_modules/@unrs/resolver-binding-linux-arm-musleabihf
111 silly reify mark deleted [
111 silly reify   '/Users/user/Documents/projects/next-dato/node_modules/@unrs/resolver-binding-linux-arm-musleabihf'
111 silly reify ]
112 verbose reify failed optional dependency /Users/user/Documents/projects/next-dato/node_modules/@unrs/resolver-binding-linux-arm-gnueabihf
113 silly reify mark deleted [
113 silly reify   '/Users/user/Documents/projects/next-dato/node_modules/@unrs/resolver-binding-linux-arm-gnueabihf'
113 silly reify ]
114 verbose reify failed optional dependency /Users/user/Documents/projects/next-dato/node_modules/@unrs/resolver-binding-freebsd-x64
115 silly reify mark deleted [
115 silly reify   '/Users/user/Documents/projects/next-dato/node_modules/@unrs/resolver-binding-freebsd-x64'
115 silly reify ]
116 verbose reify failed optional dependency /Users/user/Documents/projects/next-dato/node_modules/@unrs/resolver-binding-darwin-x64
117 silly reify mark deleted [
117 silly reify   '/Users/user/Documents/projects/next-dato/node_modules/@unrs/resolver-binding-darwin-x64'
117 silly reify ]
118 verbose reify failed optional dependency /Users/user/Documents/projects/next-dato/node_modules/@unrs/resolver-binding-android-arm64
119 silly reify mark deleted [
119 silly reify   '/Users/user/Documents/projects/next-dato/node_modules/@unrs/resolver-binding-android-arm64'
119 silly reify ]
120 verbose reify failed optional dependency /Users/user/Documents/projects/next-dato/node_modules/@unrs/resolver-binding-android-arm-eabi
121 silly reify mark deleted [
121 silly reify   '/Users/user/Documents/projects/next-dato/node_modules/@unrs/resolver-binding-android-arm-eabi'
121 silly reify ]
122 verbose reify failed optional dependency /Users/user/Documents/projects/next-dato/node_modules/@tailwindcss/oxide-win32-x64-msvc
123 silly reify mark deleted [
123 silly reify   '/Users/user/Documents/projects/next-dato/node_modules/@tailwindcss/oxide-win32-x64-msvc'
123 silly reify ]
124 verbose reify failed optional dependency /Users/user/Documents/projects/next-dato/node_modules/@tailwindcss/oxide-win32-arm64-msvc
125 silly reify mark deleted [
125 silly reify   '/Users/user/Documents/projects/next-dato/node_modules/@tailwindcss/oxide-win32-arm64-msvc'
125 silly reify ]
126 verbose reify failed optional dependency /Users/user/Documents/projects/next-dato/node_modules/@tailwindcss/oxide-linux-x64-musl
127 silly reify mark deleted [
127 silly reify   '/Users/user/Documents/projects/next-dato/node_modules/@tailwindcss/oxide-linux-x64-musl'
127 silly reify ]
128 verbose reify failed optional dependency /Users/user/Documents/projects/next-dato/node_modules/@tailwindcss/oxide-linux-x64-gnu
129 silly reify mark deleted [
129 silly reify   '/Users/user/Documents/projects/next-dato/node_modules/@tailwindcss/oxide-linux-x64-gnu'
129 silly reify ]
130 verbose reify failed optional dependency /Users/user/Documents/projects/next-dato/node_modules/@tailwindcss/oxide-linux-arm64-musl
131 silly reify mark deleted [
131 silly reify   '/Users/user/Documents/projects/next-dato/node_modules/@tailwindcss/oxide-linux-arm64-musl'
131 silly reify ]
132 verbose reify failed optional dependency /Users/user/Documents/projects/next-dato/node_modules/@tailwindcss/oxide-linux-arm64-gnu
133 silly reify mark deleted [
133 silly reify   '/Users/user/Documents/projects/next-dato/node_modules/@tailwindcss/oxide-linux-arm64-gnu'
133 silly reify ]
134 verbose reify failed optional dependency /Users/user/Documents/projects/next-dato/node_modules/@tailwindcss/oxide-linux-arm-gnueabihf
135 silly reify mark deleted [
135 silly reify   '/Users/user/Documents/projects/next-dato/node_modules/@tailwindcss/oxide-linux-arm-gnueabihf'
135 silly reify ]
136 verbose reify failed optional dependency /Users/user/Documents/projects/next-dato/node_modules/@tailwindcss/oxide-freebsd-x64
137 silly reify mark deleted [
137 silly reify   '/Users/user/Documents/projects/next-dato/node_modules/@tailwindcss/oxide-freebsd-x64'
137 silly reify ]
138 verbose reify failed optional dependency /Users/user/Documents/projects/next-dato/node_modules/@tailwindcss/oxide-darwin-x64
139 silly reify mark deleted [
139 silly reify   '/Users/user/Documents/projects/next-dato/node_modules/@tailwindcss/oxide-darwin-x64'
139 silly reify ]
140 verbose reify failed optional dependency /Users/user/Documents/projects/next-dato/node_modules/@tailwindcss/oxide-android-arm64
141 silly reify mark deleted [
141 silly reify   '/Users/user/Documents/projects/next-dato/node_modules/@tailwindcss/oxide-android-arm64'
141 silly reify ]
142 verbose reify failed optional dependency /Users/user/Documents/projects/next-dato/node_modules/@next/swc-win32-x64-msvc
143 silly reify mark deleted [
143 silly reify   '/Users/user/Documents/projects/next-dato/node_modules/@next/swc-win32-x64-msvc'
143 silly reify ]
144 verbose reify failed optional dependency /Users/user/Documents/projects/next-dato/node_modules/@next/swc-win32-arm64-msvc
145 silly reify mark deleted [
145 silly reify   '/Users/user/Documents/projects/next-dato/node_modules/@next/swc-win32-arm64-msvc'
145 silly reify ]
146 verbose reify failed optional dependency /Users/user/Documents/projects/next-dato/node_modules/@next/swc-linux-x64-musl
147 silly reify mark deleted [
147 silly reify   '/Users/user/Documents/projects/next-dato/node_modules/@next/swc-linux-x64-musl'
147 silly reify ]
148 verbose reify failed optional dependency /Users/user/Documents/projects/next-dato/node_modules/@next/swc-linux-x64-gnu
149 silly reify mark deleted [
149 silly reify   '/Users/user/Documents/projects/next-dato/node_modules/@next/swc-linux-x64-gnu'
149 silly reify ]
150 verbose reify failed optional dependency /Users/user/Documents/projects/next-dato/node_modules/@next/swc-linux-arm64-musl
151 silly reify mark deleted [
151 silly reify   '/Users/user/Documents/projects/next-dato/node_modules/@next/swc-linux-arm64-musl'
151 silly reify ]
152 verbose reify failed optional dependency /Users/user/Documents/projects/next-dato/node_modules/@next/swc-linux-arm64-gnu
153 silly reify mark deleted [
153 silly reify   '/Users/user/Documents/projects/next-dato/node_modules/@next/swc-linux-arm64-gnu'
153 silly reify ]
154 verbose reify failed optional dependency /Users/user/Documents/projects/next-dato/node_modules/@next/swc-darwin-x64
155 silly reify mark deleted [
155 silly reify   '/Users/user/Documents/projects/next-dato/node_modules/@next/swc-darwin-x64'
155 silly reify ]
156 verbose reify failed optional dependency /Users/user/Documents/projects/next-dato/node_modules/@img/sharp-win32-x64
157 silly reify mark deleted [
157 silly reify   '/Users/user/Documents/projects/next-dato/node_modules/@img/sharp-win32-x64'
157 silly reify ]
158 verbose reify failed optional dependency /Users/user/Documents/projects/next-dato/node_modules/@img/sharp-win32-ia32
159 silly reify mark deleted [
159 silly reify   '/Users/user/Documents/projects/next-dato/node_modules/@img/sharp-win32-ia32'
159 silly reify ]
160 verbose reify failed optional dependency /Users/user/Documents/projects/next-dato/node_modules/@img/sharp-win32-arm64
161 silly reify mark deleted [
161 silly reify   '/Users/user/Documents/projects/next-dato/node_modules/@img/sharp-win32-arm64'
161 silly reify ]
162 verbose reify failed optional dependency /Users/user/Documents/projects/next-dato/node_modules/@img/sharp-wasm32
163 silly reify mark deleted [
163 silly reify   '/Users/user/Documents/projects/next-dato/node_modules/@img/sharp-wasm32'
163 silly reify ]
164 verbose reify failed optional dependency /Users/user/Documents/projects/next-dato/node_modules/@img/sharp-linuxmusl-x64
165 silly reify mark deleted [
165 silly reify   '/Users/user/Documents/projects/next-dato/node_modules/@img/sharp-linuxmusl-x64'
165 silly reify ]
166 verbose reify failed optional dependency /Users/user/Documents/projects/next-dato/node_modules/@img/sharp-linuxmusl-arm64
167 silly reify mark deleted [
167 silly reify   '/Users/user/Documents/projects/next-dato/node_modules/@img/sharp-linuxmusl-arm64'
167 silly reify ]
168 verbose reify failed optional dependency /Users/user/Documents/projects/next-dato/node_modules/@img/sharp-linux-x64
169 silly reify mark deleted [
169 silly reify   '/Users/user/Documents/projects/next-dato/node_modules/@img/sharp-linux-x64'
169 silly reify ]
170 verbose reify failed optional dependency /Users/user/Documents/projects/next-dato/node_modules/@img/sharp-linux-s390x
171 silly reify mark deleted [
171 silly reify   '/Users/user/Documents/projects/next-dato/node_modules/@img/sharp-linux-s390x'
171 silly reify ]
172 verbose reify failed optional dependency /Users/user/Documents/projects/next-dato/node_modules/@img/sharp-linux-riscv64
173 silly reify mark deleted [
173 silly reify   '/Users/user/Documents/projects/next-dato/node_modules/@img/sharp-linux-riscv64'
173 silly reify ]
174 verbose reify failed optional dependency /Users/user/Documents/projects/next-dato/node_modules/@img/sharp-linux-ppc64
175 silly reify mark deleted [
175 silly reify   '/Users/user/Documents/projects/next-dato/node_modules/@img/sharp-linux-ppc64'
175 silly reify ]
176 verbose reify failed optional dependency /Users/user/Documents/projects/next-dato/node_modules/@img/sharp-linux-arm64
177 silly reify mark deleted [
177 silly reify   '/Users/user/Documents/projects/next-dato/node_modules/@img/sharp-linux-arm64'
177 silly reify ]
178 verbose reify failed optional dependency /Users/user/Documents/projects/next-dato/node_modules/@img/sharp-linux-arm
179 silly reify mark deleted [
179 silly reify   '/Users/user/Documents/projects/next-dato/node_modules/@img/sharp-linux-arm'
179 silly reify ]
180 verbose reify failed optional dependency /Users/user/Documents/projects/next-dato/node_modules/@img/sharp-libvips-linuxmusl-x64
181 silly reify mark deleted [
181 silly reify   '/Users/user/Documents/projects/next-dato/node_modules/@img/sharp-libvips-linuxmusl-x64'
181 silly reify ]
182 verbose reify failed optional dependency /Users/user/Documents/projects/next-dato/node_modules/@img/sharp-libvips-linuxmusl-arm64
183 silly reify mark deleted [
183 silly reify   '/Users/user/Documents/projects/next-dato/node_modules/@img/sharp-libvips-linuxmusl-arm64'
183 silly reify ]
184 verbose reify failed optional dependency /Users/user/Documents/projects/next-dato/node_modules/@img/sharp-libvips-linux-x64
185 silly reify mark deleted [
185 silly reify   '/Users/user/Documents/projects/next-dato/node_modules/@img/sharp-libvips-linux-x64'
185 silly reify ]
186 verbose reify failed optional dependency /Users/user/Documents/projects/next-dato/node_modules/@img/sharp-libvips-linux-s390x
187 silly reify mark deleted [
187 silly reify   '/Users/user/Documents/projects/next-dato/node_modules/@img/sharp-libvips-linux-s390x'
187 silly reify ]
188 verbose reify failed optional dependency /Users/user/Documents/projects/next-dato/node_modules/@img/sharp-libvips-linux-riscv64
189 silly reify mark deleted [
189 silly reify   '/Users/user/Documents/projects/next-dato/node_modules/@img/sharp-libvips-linux-riscv64'
189 silly reify ]
190 verbose reify failed optional dependency /Users/user/Documents/projects/next-dato/node_modules/@img/sharp-libvips-linux-ppc64
191 silly reify mark deleted [
191 silly reify   '/Users/user/Documents/projects/next-dato/node_modules/@img/sharp-libvips-linux-ppc64'
191 silly reify ]
192 verbose reify failed optional dependency /Users/user/Documents/projects/next-dato/node_modules/@img/sharp-libvips-linux-arm64
193 silly reify mark deleted [
193 silly reify   '/Users/user/Documents/projects/next-dato/node_modules/@img/sharp-libvips-linux-arm64'
193 silly reify ]
194 verbose reify failed optional dependency /Users/user/Documents/projects/next-dato/node_modules/@img/sharp-libvips-linux-arm
195 silly reify mark deleted [
195 silly reify   '/Users/user/Documents/projects/next-dato/node_modules/@img/sharp-libvips-linux-arm'
195 silly reify ]
196 verbose reify failed optional dependency /Users/user/Documents/projects/next-dato/node_modules/@img/sharp-libvips-darwin-x64
197 silly reify mark deleted [
197 silly reify   '/Users/user/Documents/projects/next-dato/node_modules/@img/sharp-libvips-darwin-x64'
197 silly reify ]
198 verbose reify failed optional dependency /Users/user/Documents/projects/next-dato/node_modules/@img/sharp-darwin-x64
199 silly reify mark deleted [
199 silly reify   '/Users/user/Documents/projects/next-dato/node_modules/@img/sharp-darwin-x64'
199 silly reify ]
200 silly tarball no local data for @fortawesome/fontawesome-common-types@https://registry.npmjs.org/@fortawesome/fontawesome-common-types/-/fontawesome-common-types-6.7.2.tgz. Extracting by manifest.
201 silly tarball no local data for @fortawesome/react-fontawesome@https://registry.npmjs.org/@fortawesome/react-fontawesome/-/react-fontawesome-3.3.1.tgz. Extracting by manifest.
202 silly tarball no local data for @fortawesome/free-solid-svg-icons@https://registry.npmjs.org/@fortawesome/free-solid-svg-icons/-/free-solid-svg-icons-6.7.2.tgz. Extracting by manifest.
203 silly tarball no local data for @fortawesome/free-regular-svg-icons@https://registry.npmjs.org/@fortawesome/free-regular-svg-icons/-/free-regular-svg-icons-6.7.2.tgz. Extracting by manifest.
204 silly tarball no local data for @fortawesome/free-brands-svg-icons@https://registry.npmjs.org/@fortawesome/free-brands-svg-icons/-/free-brands-svg-icons-6.7.2.tgz. Extracting by manifest.
205 silly tarball no local data for @fortawesome/fontawesome-svg-core@https://registry.npmjs.org/@fortawesome/fontawesome-svg-core/-/fontawesome-svg-core-6.7.2.tgz. Extracting by manifest.
206 http fetch GET 200 https://registry.npmjs.org/@fortawesome/fontawesome-common-types/-/fontawesome-common-types-6.7.2.tgz 102ms (cache miss)
207 http fetch GET 200 https://registry.npmjs.org/@fortawesome/fontawesome-svg-core/-/fontawesome-svg-core-6.7.2.tgz 199ms (cache miss)
208 http fetch POST 200 https://registry.npmjs.org/-/npm/v1/security/advisories/bulk 223ms
209 silly audit report {
209 silly audit report   next: [
209 silly audit report     {
209 silly audit report       id: 1117974,
209 silly audit report       url: 'https://github.com/advisories/GHSA-3g8h-86w9-wvmq',
209 silly audit report       title: "Next.js's Middleware / Proxy redirects can be cache-poisoned",
209 silly audit report       severity: 'low',
209 silly audit report       vulnerable_versions: '>=16.0.0 <16.2.5',
209 silly audit report       cwe: [Array],
209 silly audit report       cvss: [Object]
209 silly audit report     },
209 silly audit report     {
209 silly audit report       id: 1117930,
209 silly audit report       url: 'https://github.com/advisories/GHSA-8h8q-6873-q5fj',
209 silly audit report       title: 'Next.js Vulnerable to Denial of Service with Server Components',
209 silly audit report       severity: 'high',
209 silly audit report       vulnerable_versions: '>=16.0.0 <16.2.5',
209 silly audit report       cwe: [Array],
209 silly audit report       cvss: [Object]
209 silly audit report     },
209 silly audit report     {
209 silly audit report       id: 1117954,
209 silly audit report       url: 'https://github.com/advisories/GHSA-ffhc-5mcf-pf4q',
209 silly audit report       title: 'Next.js vulnerable to cross-site scripting in App Router applications using CSP nonces',
209 silly audit report       severity: 'moderate',
209 silly audit report       vulnerable_versions: '>=16.0.0 <16.2.5',
209 silly audit report       cwe: [Array],
209 silly audit report       cvss: [Object]
209 silly audit report     },
209 silly audit report     {
209 silly audit report       id: 1117956,
209 silly audit report       url: 'https://github.com/advisories/GHSA-vfv6-92ff-j949',
209 silly audit report       title: 'Next.js vulnerable to cache poisoning via collisions in React Server Component cache-busting',
209 silly audit report       severity: 'low',
209 silly audit report       vulnerable_versions: '>=16.0.0 <16.2.5',
209 silly audit report       cwe: [Array],
209 silly audit report       cvss: [Object]
209 silly audit report     },
209 silly audit report     {
209 silly audit report       id: 1117958,
209 silly audit report       url: 'https://github.com/advisories/GHSA-gx5p-jg67-6x7h',
209 silly audit report       title: 'Next.js has cross-site scripting in beforeInteractive scripts with untrusted input',
209 silly audit report       severity: 'moderate',
209 silly audit report       vulnerable_versions: '>=16.0.0 <16.2.5',
209 silly audit report       cwe: [Array],
209 silly audit report       cvss: [Object]
209 silly audit report     },
209 silly audit report     {
209 silly audit report       id: 1117960,
209 silly audit report       url: 'https://github.com/advisories/GHSA-mg66-mrh9-m8jx',
209 silly audit report       title: 'Next.js vulnerable to Denial of Service via connection exhaustion in applications using Cache Components',
209 silly audit report       severity: 'high',
209 silly audit report       vulnerable_versions: '>=16.0.0 <16.2.5',
209 silly audit report       cwe: [Array],
209 silly audit report       cvss: [Object]
209 silly audit report     },
209 silly audit report     {
209 silly audit report       id: 1117962,
209 silly audit report       url: 'https://github.com/advisories/GHSA-h64f-5h5j-jqjh',
209 silly audit report       title: 'Next.js has a Denial of Service in the Image Optimization API',
209 silly audit report       severity: 'moderate',
209 silly audit report       vulnerable_versions: '>=16.0.0 <16.2.5',
209 silly audit report       cwe: [Array],
209 silly audit report       cvss: [Object]
209 silly audit report     },
209 silly audit report     {
209 silly audit report       id: 1117964,
209 silly audit report       url: 'https://github.com/advisories/GHSA-c4j6-fc7j-m34r',
209 silly audit report       title: 'Next.js vulnerable to server-side request forgery in applications using WebSocket upgrades',
209 silly audit report       severity: 'high',
209 silly audit report       vulnerable_versions: '>=16.0.0 <16.2.5',
209 silly audit report       cwe: [Array],
209 silly audit report       cvss: [Object]
209 silly audit report     },
209 silly audit report     {
209 silly audit report       id: 1117966,
209 silly audit report       url: 'https://github.com/advisories/GHSA-492v-c6pp-mqqv',
209 silly audit report       title: 'Next.js has a Middleware / Proxy bypass through dynamic route parameter injection',
209 silly audit report       severity: 'high',
209 silly audit report       vulnerable_versions: '>=16.0.0 <16.2.5',
209 silly audit report       cwe: [Array],
209 silly audit report       cvss: [Object]
209 silly audit report     },
209 silly audit report     {
209 silly audit report       id: 1117968,
209 silly audit report       url: 'https://github.com/advisories/GHSA-wfc6-r584-vfw7',
209 silly audit report       title: 'Next.js vulnerable to cache poisoning in React Server Component responses',
209 silly audit report       severity: 'moderate',
209 silly audit report       vulnerable_versions: '>=16.0.0 <16.2.5',
209 silly audit report       cwe: [Array],
209 silly audit report       cvss: [Object]
209 silly audit report     },
209 silly audit report     {
209 silly audit report       id: 1117970,
209 silly audit report       url: 'https://github.com/advisories/GHSA-267c-6grr-h53f',
209 silly audit report       title: 'Next.js has a Middleware / Proxy bypass in App Router applications via segment-prefetch routes',
209 silly audit report       severity: 'high',
209 silly audit report       vulnerable_versions: '>=16.0.0 <16.2.5',
209 silly audit report       cwe: [Array],
209 silly audit report       cvss: [Object]
209 silly audit report     },
209 silly audit report     {
209 silly audit report       id: 1117972,
209 silly audit report       url: 'https://github.com/advisories/GHSA-36qx-fr4f-26g5',
209 silly audit report       title: 'Next.js has a Middleware / Proxy bypass in Pages Router applications using i18n',
209 silly audit report       severity: 'high',
209 silly audit report       vulnerable_versions: '>=16.0.0 <16.2.5',
209 silly audit report       cwe: [Array],
209 silly audit report       cvss: [Object]
209 silly audit report     },
209 silly audit report     {
209 silly audit report       id: 1117979,
209 silly audit report       url: 'https://github.com/advisories/GHSA-26hh-7cqf-hhc6',
209 silly audit report       title: 'Next.js has a Middleware / Proxy bypass in App Router applications via segment-prefetch routes - Incomplete Fix Follow-Up',
209 silly audit report       severity: 'high',
209 silly audit report       vulnerable_versions: '>=16.0.0 <16.2.6',
209 silly audit report       cwe: [Array],
209 silly audit report       cvss: [Object]
209 silly audit report     }
209 silly audit report   ],
209 silly audit report   postcss: [
209 silly audit report     {
209 silly audit report       id: 1117015,
209 silly audit report       url: 'https://github.com/advisories/GHSA-qx2v-qp2m-jg93',
209 silly audit report       title: 'PostCSS has XSS via Unescaped </style> in its CSS Stringify Output',
209 silly audit report       severity: 'moderate',
209 silly audit report       vulnerable_versions: '<8.5.10',
209 silly audit report       cwe: [Array],
209 silly audit report       cvss: [Object]
209 silly audit report     }
209 silly audit report   ]
209 silly audit report }
210 silly packumentCache corgi:https://registry.npmjs.org/next cache-miss
211 silly packumentCache corgi:https://registry.npmjs.org/postcss cache-miss
212 http fetch GET 200 https://registry.npmjs.org/postcss 64ms (cache miss)
213 silly packumentCache corgi:https://registry.npmjs.org/postcss set size:undefined disposed:false
214 http fetch GET 200 https://registry.npmjs.org/@fortawesome/react-fontawesome/-/react-fontawesome-3.3.1.tgz 298ms (cache miss)
215 http fetch GET 200 https://registry.npmjs.org/@fortawesome/free-regular-svg-icons/-/free-regular-svg-icons-6.7.2.tgz 614ms (cache miss)
216 http fetch GET 200 https://registry.npmjs.org/@fortawesome/free-brands-svg-icons/-/free-brands-svg-icons-6.7.2.tgz 915ms (cache miss)
217 http fetch GET 200 https://registry.npmjs.org/next 771ms (cache miss)
218 silly packumentCache corgi:https://registry.npmjs.org/next set size:undefined disposed:false
219 silly packumentCache corgi:https://registry.npmjs.org/@tailwindcss%2fpostcss cache-miss
220 http fetch GET 200 https://registry.npmjs.org/@tailwindcss%2fpostcss 234ms (cache miss)
221 silly packumentCache corgi:https://registry.npmjs.org/@tailwindcss%2fpostcss set size:undefined disposed:false
222 http fetch GET 200 https://registry.npmjs.org/@fortawesome/free-solid-svg-icons/-/free-solid-svg-icons-6.7.2.tgz 2052ms (cache miss)
223 silly ADD node_modules/@fortawesome/fontawesome-common-types
224 silly ADD node_modules/@fortawesome/react-fontawesome
225 silly ADD node_modules/@fortawesome/free-solid-svg-icons
226 silly ADD node_modules/@fortawesome/free-regular-svg-icons
227 silly ADD node_modules/@fortawesome/free-brands-svg-icons
228 silly ADD node_modules/@fortawesome/fontawesome-svg-core
229 silly ADD
230 silly ADD
231 silly ADD
232 silly ADD
233 silly ADD
234 silly ADD
235 silly ADD
236 silly ADD
237 silly ADD
238 silly ADD
239 silly ADD
240 silly ADD
241 silly ADD
242 silly ADD
243 silly ADD
244 silly ADD
245 silly ADD
246 silly ADD
247 silly ADD
248 silly ADD
249 silly ADD
250 silly ADD
251 silly ADD
252 silly ADD
253 silly ADD
254 silly ADD
255 silly ADD
256 silly ADD
257 silly ADD
258 silly ADD
259 silly ADD
260 silly ADD
261 silly ADD
262 silly ADD
263 silly ADD
264 silly ADD
265 silly ADD
266 silly ADD
267 silly ADD
268 silly ADD
269 silly ADD
270 silly ADD
271 silly ADD
272 silly ADD
273 silly ADD
274 silly ADD
275 silly ADD
276 silly ADD
277 silly ADD
278 silly ADD
279 silly ADD
280 silly ADD
281 silly ADD
282 silly ADD
283 silly ADD
284 silly ADD
285 silly ADD
286 silly ADD
287 silly ADD
288 silly ADD
289 silly ADD
290 silly ADD
291 silly ADD
292 silly ADD
293 silly ADD
294 silly ADD
295 silly ADD
296 silly ADD
297 verbose cwd /Users/user/Documents/projects/next-dato
298 verbose os Darwin 25.4.0
299 verbose node v20.18.3
300 verbose npm  v10.8.2
301 notice
301 notice New major version of npm available! 10.8.2 -> 11.14.1
301 notice Changelog: https://github.com/npm/cli/releases/tag/v11.14.1
301 notice To update run: npm install -g npm@11.14.1
301 notice  { force: true, [Symbol(proc-log.meta)]: true }
302 verbose exit 0
303 info ok
